python : Traceback 
(most recent call 
last):
At line:1 char:1
+ python backend/test_
messaging_federation.p
y > test_output.txt 
2>&1
+ ~~~~~~~~~~~~~~~~~~~~
~~~~~~~~~~~~~~~~~~~~~~
~~~~~~~~~~~~~~~~~~~~~~
~~
    + CategoryInfo    
          : NotSpeci  
  fied: (Traceback    
 (most recent call    
 last)::String) [    
], RemoteExceptio    n
    + FullyQualifiedE 
   rrorId : NativeCo  
  mmandError
 
  File "D:\PROJECTS\Up
comming\Openly\backend
\test_messaging_federa
tion.py", line 81, in 
<module>
    asyncio.run(test_f
ederation_flow())
    ~~~~~~~~~~~^^^^^^^
^^^^^^^^^^^^^^^^^
  File "C:\Python314\L
ib\asyncio\runners.py"
, line 204, in run
    return 
runner.run(main)
           
~~~~~~~~~~^^^^^^
  File "C:\Python314\L
ib\asyncio\runners.py"
, line 127, in run
    return self._loop.
run_until_complete(tas
k)
           ~~~~~~~~~~~
~~~~~~~~~~~~~~~~~~^^^^
^^
  File "C:\Python314\L
ib\asyncio\base_events
.py", line 719, in 
run_until_complete
    return 
future.result()
           
~~~~~~~~~~~~~^^
  File "D:\PROJECTS\Up
comming\Openly\backend
\test_messaging_federa
tion.py", line 9, in 
test_federation_flow
    print("\U0001f680 
Starting Messaging 
Federation 
Verification...")
    ~~~~~^^^^^^^^^^^^^
^^^^^^^^^^^^^^^^^^^^^^
^^^^^^^^^^^^^^^^^
  File "C:\Python314\L
ib\encodings\cp1252.py
", line 19, in encode
    return codecs.char
map_encode(input,self.
errors,encoding_table)
[0]
           ~~~~~~~~~~~
~~~~~~~~~~^^^^^^^^^^^^
^^^^^^^^^^^^^^^^^^^^^^
UnicodeEncodeError: 
'charmap' codec can't 
encode character 
'\U0001f680' in 
position 0: character 
maps to <undefined>
